// Vitest Snapshot v1

exports[`Home 1`] = `
<div
  className="chakra-stack chakra-container css-6bphnu"
>
  <div
    className="css-1gi4sle"
  >
    <div
      className="chakra-stack css-vgptz0"
    >
      <div
        className="chakra-stack css-eh9qnm"
      >
        <div
          className="css-0"
        >
          <h1
            className="chakra-heading css-1cwqjg9"
          >
            0
          </h1>
        </div>
        <span
          className="css-k008qs"
        >
          <svg
            className="chakra-icon css-1juhn8y"
            focusable={false}
            viewBox="0 0 200 200"
          >
            <path
              d="M 100, 100 m -75, 0 a 75,75 0 1,0 150,0 a 75,75 0 1,0 -150,0"
              fill="currentColor"
            />
          </svg>
          <p
            className="chakra-text css-1mvylkt"
          >
            currently available
          </p>
        </span>
      </div>
      <div
        className="chakra-stack css-1bizw7q"
      >
        <div
          className="chakra-card css-fjgbkw"
        >
          <div
            className="css-1o3848f"
          >
            <svg
              className="chakra-icon css-h3cvxc"
              fill="currentColor"
              focusable={false}
              height="1em"
              stroke="currentColor"
              strokeWidth="0"
              style={
                {
                  "color": undefined,
                }
              }
              viewBox="0 0 512 512"
              width="1em"
              xmlns="http://www.w3.org/2000/svg"
            >
              <path
                d="M239.1 6.3l-208 78c-18.7 7-31.1 25-31.1 45v225.1c0 18.2 10.3 34.8 26.5 42.9l208 104c13.5 6.8 29.4 6.8 42.9 0l208-104c16.3-8.1 26.5-24.8 26.5-42.9V129.3c0-20-12.4-37.9-31.1-44.9l-208-78C262 2.2 250 2.2 239.1 6.3zM256 68.4l192 72v1.1l-192 78-192-78v-1.1l192-72zm32 356V275.5l160-65v133.9l-160 80z"
              />
            </svg>
          </div>
          <div
            className="chakra-stack css-n21gh5"
          >
            <div
              className="chakra-card__body css-1o3848f"
            >
              <h2
                className="chakra-heading css-i55psz"
              >
                Block Height 
              </h2>
              <p
                className="chakra-text css-qgyyq5"
              >
                0
              </p>
            </div>
          </div>
        </div>
        <div
          className="chakra-card css-fjgbkw"
        >
          <div
            className="css-1o3848f"
          >
            <svg
              className="chakra-icon css-h3cvxc"
              fill="currentColor"
              focusable={false}
              height="1em"
              stroke="currentColor"
              strokeWidth="0"
              style={
                {
                  "color": undefined,
                }
              }
              viewBox="0 0 576 512"
              width="1em"
              xmlns="http://www.w3.org/2000/svg"
            >
              <path
                d="M552 64H448V24c0-13.3-10.7-24-24-24H152c-13.3 0-24 10.7-24 24v40H24C10.7 64 0 74.7 0 88v56c0 35.7 22.5 72.4 61.9 100.7 31.5 22.7 69.8 37.1 110 41.7C203.3 338.5 240 360 240 360v72h-48c-35.3 0-64 20.7-64 56v12c0 6.6 5.4 12 12 12h296c6.6 0 12-5.4 12-12v-12c0-35.3-28.7-56-64-56h-48v-72s36.7-21.5 68.1-73.6c40.3-4.6 78.6-19 110-41.7 39.3-28.3 61.9-65 61.9-100.7V88c0-13.3-10.7-24-24-24zM99.3 192.8C74.9 175.2 64 155.6 64 144v-16h64.2c1 32.6 5.8 61.2 12.8 86.2-15.1-5.2-29.2-12.4-41.7-21.4zM512 144c0 16.1-17.7 36.1-35.3 48.8-12.5 9-26.7 16.2-41.8 21.4 7-25 11.8-53.6 12.8-86.2H512v16z"
              />
            </svg>
          </div>
          <div
            className="chakra-stack css-n21gh5"
          >
            <div
              className="chakra-card__body css-1o3848f"
            >
              <h2
                className="chakra-heading css-i55psz"
              >
                Protocol Version
              </h2>
              <p
                className="chakra-text css-qgyyq5"
              >
                0
              </p>
            </div>
          </div>
        </div>
        <div
          className="chakra-card css-fjgbkw"
        >
          <div
            className="css-1o3848f"
          >
            <svg
              className="chakra-icon css-h3cvxc"
              fill="currentColor"
              focusable={false}
              height="1em"
              stroke="currentColor"
              strokeWidth="0"
              style={
                {
                  "color": undefined,
                }
              }
              viewBox="0 0 640 512"
              width="1em"
              xmlns="http://www.w3.org/2000/svg"
            >
              <path
                d="M278.9 511.5l-61-17.7c-6.4-1.8-10-8.5-8.2-14.9L346.2 8.7c1.8-6.4 8.5-10 14.9-8.2l61 17.7c6.4 1.8 10 8.5 8.2 14.9L293.8 503.3c-1.9 6.4-8.5 10.1-14.9 8.2zm-114-112.2l43.5-46.4c4.6-4.9 4.3-12.7-.8-17.2L117 256l90.6-79.7c5.1-4.5 5.5-12.3.8-17.2l-43.5-46.4c-4.5-4.8-12.1-5.1-17-.5L3.8 247.2c-5.1 4.7-5.1 12.8 0 17.5l144.1 135.1c4.9 4.6 12.5 4.4 17-.5zm327.2.6l144.1-135.1c5.1-4.7 5.1-12.8 0-17.5L492.1 112.1c-4.8-4.5-12.4-4.3-17 .5L431.6 159c-4.6 4.9-4.3 12.7.8 17.2L523 256l-90.6 79.7c-5.1 4.5-5.5 12.3-.8 17.2l43.5 46.4c4.5 4.9 12.1 5.1 17 .6z"
              />
            </svg>
          </div>
          <div
            className="chakra-stack css-n21gh5"
          >
            <div
              className="chakra-card__body css-1o3848f"
            >
              <h2
                className="chakra-heading css-i55psz"
              >
                Software Version
              </h2>
              <p
                className="chakra-text css-qgyyq5"
              >
                0
              </p>
            </div>
          </div>
        </div>
      </div>
    </div>
  </div>
</div>
`;
