// Vitest Snapshot v1

exports[`TermsAndConditions 1`] = `
<div
  className="chakra-stack css-1lbu33j"
>
  <div
    className="css-d10n0c"
  >
    <a
      className="chakra-link css-19iqcqi"
      href="https://theliftedinit.org/terms"
    >
      Terms
    </a>
    <a
      className="chakra-link css-19iqcqi"
      href="https://theliftedinit.org/protocol"
    >
      Protocol
    </a>
    <a
      className="chakra-link css-19iqcqi"
      href="https://theliftedinit.org/cookies"
    >
      Cookies
    </a>
  </div>
</div>
`;
