// Vitest Snapshot v1

exports[`MenuMobile 1`] = `
<div
  className="css-k008qs"
>
  <div
    className="css-70qvj9"
  >
    <img
      className="chakra-image css-1chmwhm"
      src="/assets/lifted.svg"
      title="The Lifted initiative"
    />
    <p
      className="chakra-text css-104caxi"
    >
      THE
    </p>
    <p
      className="chakra-text css-1ooeu7o"
    >
      LIFTED
    </p>
    <p
      className="chakra-text css-104caxi"
    >
      INITIATIVE
    </p>
  </div>
  <div
    className="css-17xejub"
  />
  <div
    className="css-70qvj9"
  >
    <button
      aria-controls="menu-list-:r2:"
      aria-expanded={false}
      aria-haspopup="menu"
      aria-label="Options"
      className="chakra-button chakra-menu__menu-button css-1f5f6f6"
      id="menu-button-:r2:"
      onClick={[Function]}
      onKeyDown={[Function]}
      type="button"
    >
      <svg
        aria-hidden={true}
        fill="currentColor"
        focusable={false}
        height="1em"
        stroke="currentColor"
        strokeWidth="0"
        style={
          {
            "color": undefined,
          }
        }
        viewBox="0 0 24 24"
        width="1em"
        xmlns="http://www.w3.org/2000/svg"
      >
        <g>
          <path
            d="M0 0h24v24H0z"
            fill="none"
          />
          <path
            d="M3 4h18v2H3V4zm0 15h18v2H3v-2zm0-5h18v2H3v-2zm0-5h18v2H3V9z"
          />
        </g>
      </svg>
    </button>
    <div
      className="css-0"
      style={
        {
          "inset": "0 auto auto 0",
          "minWidth": "max-content",
          "position": "absolute",
          "visibility": "hidden",
        }
      }
    >
      <div
        aria-orientation="vertical"
        className="chakra-menu__menu-list css-igqei7"
        id="menu-list-:r2:"
        onKeyDown={[Function]}
        role="menu"
        style={
          {
            "opacity": 0,
            "transform": "scale(0.8) translateZ(0)",
            "transformOrigin": "var(--popper-transform-origin)",
            "visibility": "hidden",
          }
        }
        tabIndex={-1}
      >
        <button
          className="chakra-menu__menuitem css-12ci69m"
          id="menu-list-:r2:-menuitem-:r3:"
          onClick={[Function]}
          onMouseEnter={[Function]}
          onMouseLeave={[Function]}
          onMouseMove={[Function]}
          role="menuitem"
          tabIndex={0}
          type="button"
        >
          <a
            className="chakra-link css-1ibng0y"
            href="/"
          >
            Blocks
          </a>
        </button>
      </div>
    </div>
  </div>
</div>
`;
