// Vitest Snapshot v1

exports[`MenuMobile 1`] = `
<div
  className="css-k008qs"
>
  <div
    className="css-70qvj9"
  >
    <img
      className="chakra-image css-1chmwhm"
      src="/assets/lifted.svg"
      title="The Lifted initiative"
    />
    <p
      className="chakra-text css-104caxi"
    >
      THE
    </p>
    <p
      className="chakra-text css-1ooeu7o"
    >
      LIFTED
    </p>
    <p
      className="chakra-text css-104caxi"
    >
      INITIATIVE
    </p>
  </div>
  <div
    className="css-17xejub"
  />
  <div
    className="css-70qvj9"
  >
    <div
      className="chakra-stack css-ex90l4"
    >
      <a
        className="chakra-link css-4thald"
        href="/"
      >
        Blocks
      </a>
    </div>
  </div>
</div>
`;
