// Vitest Snapshot v1

exports[`Home 1`] = `
[
  <div
    className="css-1pwqpky"
  >
    <div
      className="css-0"
    >
      <div
        className="css-i7slzv"
      >
        <h3
          className="chakra-heading css-13jwqxv"
        >
          Token
        </h3>
        <p
          className="chakra-text css-fyp5ux"
        >
          BNB
        </p>
      </div>
      <div
        className="css-e0ynyl"
      >
        <div
          className="css-xx504i"
        >
          <div
            className="css-jhi6ie"
          >
            <div
              className="chakra-stack css-12t3lkn"
            >
              <p
                className="chakra-text css-1kf9ore"
              >
                18,562,881.00
              </p>
              <p
                className="chakra-text css-1yl1k0u"
              />
            </div>
            <p
              className="chakra-text css-jf0soh"
            >
              SUPPLY
            </p>
          </div>
        </div>
        <div
          className="css-xx504i"
        >
          <div
            className="css-jhi6ie"
          >
            <div
              className="chakra-stack css-12t3lkn"
            >
              <p
                className="chakra-text css-15wnhow"
              >
                322,269
              </p>
              <p
                className="chakra-text css-1uigm40"
              >
                #328277
              </p>
            </div>
            <p
              className="chakra-text css-jf0soh"
            >
              UNIQUE HOLDERS
            </p>
          </div>
        </div>
        <div
          className="css-18ubtcq"
        >
          <div
            className="css-1vbq8ey"
          >
            <p
              className="chakra-text css-jf0soh"
            >
              CONTRACT
            </p>
            <a
              className="chakra-link css-1yl1k0u"
            >
              dasdasdasdad
            </a>
          </div>
        </div>
        <div
          className="css-18ubtcq"
        >
          <div
            className="css-1vbq8ey"
          >
            <p
              className="chakra-text css-jf0soh"
            >
              WEBSITE
            </p>
            <a
              className="chakra-link css-1yl1k0u"
            >
              www.binance.com
            </a>
          </div>
        </div>
      </div>
    </div>
  </div>,
  <div
    className="css-za6arg"
  >
    <div
      className="css-imrbmu"
    >
      <h3
        className="chakra-heading css-1i80fgp"
      >
        List of Latest Transfers
      </h3>
      <div
        className="css-1j3ysxt"
      >
        <div
          className="css-5pj2v0"
        >
          <div
            className="css-u35zva"
          >
            <table
              className="chakra-table css-qegi10"
              role="table"
            >
              <thead
                className="css-0"
              >
                <tr
                  className="css-0"
                  role="row"
                >
                  <th
                    className="css-0"
                    colSpan={1}
                    role="columnheader"
                  >
                    TSX / HASH
                  </th>
                  <th
                    className="css-0"
                    colSpan={1}
                    role="columnheader"
                  >
                    TIME
                  </th>
                  <th
                    className="css-0"
                    colSpan={1}
                    role="columnheader"
                  >
                    FROM
                  </th>
                  <th
                    className="css-0"
                    colSpan={1}
                    role="columnheader"
                  >
                    TO
                  </th>
                  <th
                    className="css-0"
                    colSpan={1}
                    role="columnheader"
                  >
                    TYPE
                  </th>
                </tr>
              </thead>
              <tbody
                className="css-0"
                role="rowgroup"
              >
                <tr
                  className="css-0"
                  role="row"
                >
                  <td
                    className="css-0"
                    role="cell"
                  >
                    <div
                      className="css-u4p24i"
                    >
                      <a
                        className="chakra-link css-zamdaj"
                        href="/block/0x1231232342342342"
                      >
                        0x1231232342342342
                      </a>
                      <button
                        aria-label="copy to clipboard"
                        className="chakra-button css-1j1x3vb"
                        onClick={[Function]}
                        type="button"
                      >
                        <svg
                          aria-hidden={true}
                          fill="currentColor"
                          focusable={false}
                          height="1em"
                          stroke="currentColor"
                          strokeWidth="0"
                          style={
                            {
                              "color": undefined,
                            }
                          }
                          viewBox="0 0 24 24"
                          width="1em"
                          xmlns="http://www.w3.org/2000/svg"
                        >
                          <g>
                            <path
                              d="M0 0h24v24H0z"
                              fill="none"
                            />
                            <path
                              d="M7 6V3a1 1 0 0 1 1-1h12a1 1 0 0 1 1 1v14a1 1 0 0 1-1 1h-3v3c0 .552-.45 1-1.007 1H4.007A1.001 1.001 0 0 1 3 21l.003-14c0-.552.45-1 1.007-1H7zM5.003 8L5 20h10V8H5.003zM9 6h8v10h2V4H9v2z"
                            />
                          </g>
                        </svg>
                      </button>
                    </div>
                  </td>
                  <td
                    className="css-0"
                    role="cell"
                  >
                    <span>
                      2hs 36min ago
                    </span>
                  </td>
                  <td
                    className="css-0"
                    role="cell"
                  >
                    <div
                      className="css-u4p24i"
                    >
                      <a
                        className="chakra-link css-zamdaj"
                        href="/address/0x1231232342343645"
                      >
                        0x1231232342343645
                      </a>
                      <button
                        aria-label="copy to clipboard"
                        className="chakra-button css-1j1x3vb"
                        onClick={[Function]}
                        type="button"
                      >
                        <svg
                          aria-hidden={true}
                          fill="currentColor"
                          focusable={false}
                          height="1em"
                          stroke="currentColor"
                          strokeWidth="0"
                          style={
                            {
                              "color": undefined,
                            }
                          }
                          viewBox="0 0 24 24"
                          width="1em"
                          xmlns="http://www.w3.org/2000/svg"
                        >
                          <g>
                            <path
                              d="M0 0h24v24H0z"
                              fill="none"
                            />
                            <path
                              d="M7 6V3a1 1 0 0 1 1-1h12a1 1 0 0 1 1 1v14a1 1 0 0 1-1 1h-3v3c0 .552-.45 1-1.007 1H4.007A1.001 1.001 0 0 1 3 21l.003-14c0-.552.45-1 1.007-1H7zM5.003 8L5 20h10V8H5.003zM9 6h8v10h2V4H9v2z"
                            />
                          </g>
                        </svg>
                      </button>
                    </div>
                  </td>
                  <td
                    className="css-0"
                    role="cell"
                  >
                    <div
                      className="css-u4p24i"
                    >
                      <a
                        className="chakra-link css-zamdaj"
                        href="/address/0x31232342342342"
                      >
                        0x3231232342342342
                      </a>
                      <button
                        aria-label="copy to clipboard"
                        className="chakra-button css-1j1x3vb"
                        onClick={[Function]}
                        type="button"
                      >
                        <svg
                          aria-hidden={true}
                          fill="currentColor"
                          focusable={false}
                          height="1em"
                          stroke="currentColor"
                          strokeWidth="0"
                          style={
                            {
                              "color": undefined,
                            }
                          }
                          viewBox="0 0 24 24"
                          width="1em"
                          xmlns="http://www.w3.org/2000/svg"
                        >
                          <g>
                            <path
                              d="M0 0h24v24H0z"
                              fill="none"
                            />
                            <path
                              d="M7 6V3a1 1 0 0 1 1-1h12a1 1 0 0 1 1 1v14a1 1 0 0 1-1 1h-3v3c0 .552-.45 1-1.007 1H4.007A1.001 1.001 0 0 1 3 21l.003-14c0-.552.45-1 1.007-1H7zM5.003 8L5 20h10V8H5.003zM9 6h8v10h2V4H9v2z"
                            />
                          </g>
                        </svg>
                      </button>
                    </div>
                  </td>
                  <td
                    className="css-0"
                    role="cell"
                  >
                    <span>
                      Buy
                    </span>
                  </td>
                </tr>
                <tr
                  className="css-0"
                  role="row"
                >
                  <td
                    className="css-0"
                    role="cell"
                  >
                    <div
                      className="css-u4p24i"
                    >
                      <a
                        className="chakra-link css-zamdaj"
                        href="/block/0x1231232342342343"
                      >
                        0x1231232342342343
                      </a>
                      <button
                        aria-label="copy to clipboard"
                        className="chakra-button css-1j1x3vb"
                        onClick={[Function]}
                        type="button"
                      >
                        <svg
                          aria-hidden={true}
                          fill="currentColor"
                          focusable={false}
                          height="1em"
                          stroke="currentColor"
                          strokeWidth="0"
                          style={
                            {
                              "color": undefined,
                            }
                          }
                          viewBox="0 0 24 24"
                          width="1em"
                          xmlns="http://www.w3.org/2000/svg"
                        >
                          <g>
                            <path
                              d="M0 0h24v24H0z"
                              fill="none"
                            />
                            <path
                              d="M7 6V3a1 1 0 0 1 1-1h12a1 1 0 0 1 1 1v14a1 1 0 0 1-1 1h-3v3c0 .552-.45 1-1.007 1H4.007A1.001 1.001 0 0 1 3 21l.003-14c0-.552.45-1 1.007-1H7zM5.003 8L5 20h10V8H5.003zM9 6h8v10h2V4H9v2z"
                            />
                          </g>
                        </svg>
                      </button>
                    </div>
                  </td>
                  <td
                    className="css-0"
                    role="cell"
                  >
                    <span>
                      4hs 15mins ago
                    </span>
                  </td>
                  <td
                    className="css-0"
                    role="cell"
                  >
                    <div
                      className="css-u4p24i"
                    >
                      <a
                        className="chakra-link css-zamdaj"
                        href="/address/0x31232342342343"
                      >
                        0x3231232342342343
                      </a>
                      <button
                        aria-label="copy to clipboard"
                        className="chakra-button css-1j1x3vb"
                        onClick={[Function]}
                        type="button"
                      >
                        <svg
                          aria-hidden={true}
                          fill="currentColor"
                          focusable={false}
                          height="1em"
                          stroke="currentColor"
                          strokeWidth="0"
                          style={
                            {
                              "color": undefined,
                            }
                          }
                          viewBox="0 0 24 24"
                          width="1em"
                          xmlns="http://www.w3.org/2000/svg"
                        >
                          <g>
                            <path
                              d="M0 0h24v24H0z"
                              fill="none"
                            />
                            <path
                              d="M7 6V3a1 1 0 0 1 1-1h12a1 1 0 0 1 1 1v14a1 1 0 0 1-1 1h-3v3c0 .552-.45 1-1.007 1H4.007A1.001 1.001 0 0 1 3 21l.003-14c0-.552.45-1 1.007-1H7zM5.003 8L5 20h10V8H5.003zM9 6h8v10h2V4H9v2z"
                            />
                          </g>
                        </svg>
                      </button>
                    </div>
                  </td>
                  <td
                    className="css-0"
                    role="cell"
                  >
                    <div
                      className="css-u4p24i"
                    >
                      <a
                        className="chakra-link css-zamdaj"
                        href="/address/0x1231232342343646"
                      >
                        0x1231232342343646
                      </a>
                      <button
                        aria-label="copy to clipboard"
                        className="chakra-button css-1j1x3vb"
                        onClick={[Function]}
                        type="button"
                      >
                        <svg
                          aria-hidden={true}
                          fill="currentColor"
                          focusable={false}
                          height="1em"
                          stroke="currentColor"
                          strokeWidth="0"
                          style={
                            {
                              "color": undefined,
                            }
                          }
                          viewBox="0 0 24 24"
                          width="1em"
                          xmlns="http://www.w3.org/2000/svg"
                        >
                          <g>
                            <path
                              d="M0 0h24v24H0z"
                              fill="none"
                            />
                            <path
                              d="M7 6V3a1 1 0 0 1 1-1h12a1 1 0 0 1 1 1v14a1 1 0 0 1-1 1h-3v3c0 .552-.45 1-1.007 1H4.007A1.001 1.001 0 0 1 3 21l.003-14c0-.552.45-1 1.007-1H7zM5.003 8L5 20h10V8H5.003zM9 6h8v10h2V4H9v2z"
                            />
                          </g>
                        </svg>
                      </button>
                    </div>
                  </td>
                  <td
                    className="css-0"
                    role="cell"
                  >
                    <span>
                      Sell
                    </span>
                  </td>
                </tr>
                <tr
                  className="css-0"
                  role="row"
                >
                  <td
                    className="css-0"
                    role="cell"
                  >
                    <div
                      className="css-u4p24i"
                    >
                      <a
                        className="chakra-link css-zamdaj"
                        href="/block/0x1231232342342344"
                      >
                        0x1231232342342344
                      </a>
                      <button
                        aria-label="copy to clipboard"
                        className="chakra-button css-1j1x3vb"
                        onClick={[Function]}
                        type="button"
                      >
                        <svg
                          aria-hidden={true}
                          fill="currentColor"
                          focusable={false}
                          height="1em"
                          stroke="currentColor"
                          strokeWidth="0"
                          style={
                            {
                              "color": undefined,
                            }
                          }
                          viewBox="0 0 24 24"
                          width="1em"
                          xmlns="http://www.w3.org/2000/svg"
                        >
                          <g>
                            <path
                              d="M0 0h24v24H0z"
                              fill="none"
                            />
                            <path
                              d="M7 6V3a1 1 0 0 1 1-1h12a1 1 0 0 1 1 1v14a1 1 0 0 1-1 1h-3v3c0 .552-.45 1-1.007 1H4.007A1.001 1.001 0 0 1 3 21l.003-14c0-.552.45-1 1.007-1H7zM5.003 8L5 20h10V8H5.003zM9 6h8v10h2V4H9v2z"
                            />
                          </g>
                        </svg>
                      </button>
                    </div>
                  </td>
                  <td
                    className="css-0"
                    role="cell"
                  >
                    <span>
                      4hs 54mins ago
                    </span>
                  </td>
                  <td
                    className="css-0"
                    role="cell"
                  >
                    <div
                      className="css-u4p24i"
                    >
                      <a
                        className="chakra-link css-zamdaj"
                        href="/address/0x1231232342343647"
                      >
                        0x1231232342343647
                      </a>
                      <button
                        aria-label="copy to clipboard"
                        className="chakra-button css-1j1x3vb"
                        onClick={[Function]}
                        type="button"
                      >
                        <svg
                          aria-hidden={true}
                          fill="currentColor"
                          focusable={false}
                          height="1em"
                          stroke="currentColor"
                          strokeWidth="0"
                          style={
                            {
                              "color": undefined,
                            }
                          }
                          viewBox="0 0 24 24"
                          width="1em"
                          xmlns="http://www.w3.org/2000/svg"
                        >
                          <g>
                            <path
                              d="M0 0h24v24H0z"
                              fill="none"
                            />
                            <path
                              d="M7 6V3a1 1 0 0 1 1-1h12a1 1 0 0 1 1 1v14a1 1 0 0 1-1 1h-3v3c0 .552-.45 1-1.007 1H4.007A1.001 1.001 0 0 1 3 21l.003-14c0-.552.45-1 1.007-1H7zM5.003 8L5 20h10V8H5.003zM9 6h8v10h2V4H9v2z"
                            />
                          </g>
                        </svg>
                      </button>
                    </div>
                  </td>
                  <td
                    className="css-0"
                    role="cell"
                  >
                    <div
                      className="css-u4p24i"
                    >
                      <a
                        className="chakra-link css-zamdaj"
                        href="/address/0x31232342342344"
                      >
                        0x3231232342342344
                      </a>
                      <button
                        aria-label="copy to clipboard"
                        className="chakra-button css-1j1x3vb"
                        onClick={[Function]}
                        type="button"
                      >
                        <svg
                          aria-hidden={true}
                          fill="currentColor"
                          focusable={false}
                          height="1em"
                          stroke="currentColor"
                          strokeWidth="0"
                          style={
                            {
                              "color": undefined,
                            }
                          }
                          viewBox="0 0 24 24"
                          width="1em"
                          xmlns="http://www.w3.org/2000/svg"
                        >
                          <g>
                            <path
                              d="M0 0h24v24H0z"
                              fill="none"
                            />
                            <path
                              d="M7 6V3a1 1 0 0 1 1-1h12a1 1 0 0 1 1 1v14a1 1 0 0 1-1 1h-3v3c0 .552-.45 1-1.007 1H4.007A1.001 1.001 0 0 1 3 21l.003-14c0-.552.45-1 1.007-1H7zM5.003 8L5 20h10V8H5.003zM9 6h8v10h2V4H9v2z"
                            />
                          </g>
                        </svg>
                      </button>
                    </div>
                  </td>
                  <td
                    className="css-0"
                    role="cell"
                  >
                    <span>
                      Sign
                    </span>
                  </td>
                </tr>
                <tr
                  className="css-0"
                  role="row"
                >
                  <td
                    className="css-0"
                    role="cell"
                  >
                    <div
                      className="css-u4p24i"
                    >
                      <a
                        className="chakra-link css-zamdaj"
                        href="/block/0x1231232342342345"
                      >
                        0x1231232342342345
                      </a>
                      <button
                        aria-label="copy to clipboard"
                        className="chakra-button css-1j1x3vb"
                        onClick={[Function]}
                        type="button"
                      >
                        <svg
                          aria-hidden={true}
                          fill="currentColor"
                          focusable={false}
                          height="1em"
                          stroke="currentColor"
                          strokeWidth="0"
                          style={
                            {
                              "color": undefined,
                            }
                          }
                          viewBox="0 0 24 24"
                          width="1em"
                          xmlns="http://www.w3.org/2000/svg"
                        >
                          <g>
                            <path
                              d="M0 0h24v24H0z"
                              fill="none"
                            />
                            <path
                              d="M7 6V3a1 1 0 0 1 1-1h12a1 1 0 0 1 1 1v14a1 1 0 0 1-1 1h-3v3c0 .552-.45 1-1.007 1H4.007A1.001 1.001 0 0 1 3 21l.003-14c0-.552.45-1 1.007-1H7zM5.003 8L5 20h10V8H5.003zM9 6h8v10h2V4H9v2z"
                            />
                          </g>
                        </svg>
                      </button>
                    </div>
                  </td>
                  <td
                    className="css-0"
                    role="cell"
                  >
                    <span>
                      6hs 46mins ago
                    </span>
                  </td>
                  <td
                    className="css-0"
                    role="cell"
                  >
                    <div
                      className="css-u4p24i"
                    >
                      <a
                        className="chakra-link css-zamdaj"
                        href="/address/0x1231232342343648"
                      >
                        0x1231232342343648
                      </a>
                      <button
                        aria-label="copy to clipboard"
                        className="chakra-button css-1j1x3vb"
                        onClick={[Function]}
                        type="button"
                      >
                        <svg
                          aria-hidden={true}
                          fill="currentColor"
                          focusable={false}
                          height="1em"
                          stroke="currentColor"
                          strokeWidth="0"
                          style={
                            {
                              "color": undefined,
                            }
                          }
                          viewBox="0 0 24 24"
                          width="1em"
                          xmlns="http://www.w3.org/2000/svg"
                        >
                          <g>
                            <path
                              d="M0 0h24v24H0z"
                              fill="none"
                            />
                            <path
                              d="M7 6V3a1 1 0 0 1 1-1h12a1 1 0 0 1 1 1v14a1 1 0 0 1-1 1h-3v3c0 .552-.45 1-1.007 1H4.007A1.001 1.001 0 0 1 3 21l.003-14c0-.552.45-1 1.007-1H7zM5.003 8L5 20h10V8H5.003zM9 6h8v10h2V4H9v2z"
                            />
                          </g>
                        </svg>
                      </button>
                    </div>
                  </td>
                  <td
                    className="css-0"
                    role="cell"
                  >
                    <div
                      className="css-u4p24i"
                    >
                      <a
                        className="chakra-link css-zamdaj"
                        href="/address/0x31232342342345"
                      >
                        0x3231232342342345
                      </a>
                      <button
                        aria-label="copy to clipboard"
                        className="chakra-button css-1j1x3vb"
                        onClick={[Function]}
                        type="button"
                      >
                        <svg
                          aria-hidden={true}
                          fill="currentColor"
                          focusable={false}
                          height="1em"
                          stroke="currentColor"
                          strokeWidth="0"
                          style={
                            {
                              "color": undefined,
                            }
                          }
                          viewBox="0 0 24 24"
                          width="1em"
                          xmlns="http://www.w3.org/2000/svg"
                        >
                          <g>
                            <path
                              d="M0 0h24v24H0z"
                              fill="none"
                            />
                            <path
                              d="M7 6V3a1 1 0 0 1 1-1h12a1 1 0 0 1 1 1v14a1 1 0 0 1-1 1h-3v3c0 .552-.45 1-1.007 1H4.007A1.001 1.001 0 0 1 3 21l.003-14c0-.552.45-1 1.007-1H7zM5.003 8L5 20h10V8H5.003zM9 6h8v10h2V4H9v2z"
                            />
                          </g>
                        </svg>
                      </button>
                    </div>
                  </td>
                  <td
                    className="css-0"
                    role="cell"
                  >
                    <span>
                      Execute
                    </span>
                  </td>
                </tr>
                <tr
                  className="css-0"
                  role="row"
                >
                  <td
                    className="css-0"
                    role="cell"
                  >
                    <div
                      className="css-u4p24i"
                    >
                      <a
                        className="chakra-link css-zamdaj"
                        href="/block/0x1231232342342346"
                      >
                        0x1231232342342346
                      </a>
                      <button
                        aria-label="copy to clipboard"
                        className="chakra-button css-1j1x3vb"
                        onClick={[Function]}
                        type="button"
                      >
                        <svg
                          aria-hidden={true}
                          fill="currentColor"
                          focusable={false}
                          height="1em"
                          stroke="currentColor"
                          strokeWidth="0"
                          style={
                            {
                              "color": undefined,
                            }
                          }
                          viewBox="0 0 24 24"
                          width="1em"
                          xmlns="http://www.w3.org/2000/svg"
                        >
                          <g>
                            <path
                              d="M0 0h24v24H0z"
                              fill="none"
                            />
                            <path
                              d="M7 6V3a1 1 0 0 1 1-1h12a1 1 0 0 1 1 1v14a1 1 0 0 1-1 1h-3v3c0 .552-.45 1-1.007 1H4.007A1.001 1.001 0 0 1 3 21l.003-14c0-.552.45-1 1.007-1H7zM5.003 8L5 20h10V8H5.003zM9 6h8v10h2V4H9v2z"
                            />
                          </g>
                        </svg>
                      </button>
                    </div>
                  </td>
                  <td
                    className="css-0"
                    role="cell"
                  >
                    <span>
                      4hs 16mins ago
                    </span>
                  </td>
                  <td
                    className="css-0"
                    role="cell"
                  >
                    <div
                      className="css-u4p24i"
                    >
                      <a
                        className="chakra-link css-zamdaj"
                        href="/address/0x31232342342346"
                      >
                        0x3231232342342346
                      </a>
                      <button
                        aria-label="copy to clipboard"
                        className="chakra-button css-1j1x3vb"
                        onClick={[Function]}
                        type="button"
                      >
                        <svg
                          aria-hidden={true}
                          fill="currentColor"
                          focusable={false}
                          height="1em"
                          stroke="currentColor"
                          strokeWidth="0"
                          style={
                            {
                              "color": undefined,
                            }
                          }
                          viewBox="0 0 24 24"
                          width="1em"
                          xmlns="http://www.w3.org/2000/svg"
                        >
                          <g>
                            <path
                              d="M0 0h24v24H0z"
                              fill="none"
                            />
                            <path
                              d="M7 6V3a1 1 0 0 1 1-1h12a1 1 0 0 1 1 1v14a1 1 0 0 1-1 1h-3v3c0 .552-.45 1-1.007 1H4.007A1.001 1.001 0 0 1 3 21l.003-14c0-.552.45-1 1.007-1H7zM5.003 8L5 20h10V8H5.003zM9 6h8v10h2V4H9v2z"
                            />
                          </g>
                        </svg>
                      </button>
                    </div>
                  </td>
                  <td
                    className="css-0"
                    role="cell"
                  >
                    <div
                      className="css-u4p24i"
                    >
                      <a
                        className="chakra-link css-zamdaj"
                        href="/address/0x1231232342343649"
                      >
                        0x1231232342343649
                      </a>
                      <button
                        aria-label="copy to clipboard"
                        className="chakra-button css-1j1x3vb"
                        onClick={[Function]}
                        type="button"
                      >
                        <svg
                          aria-hidden={true}
                          fill="currentColor"
                          focusable={false}
                          height="1em"
                          stroke="currentColor"
                          strokeWidth="0"
                          style={
                            {
                              "color": undefined,
                            }
                          }
                          viewBox="0 0 24 24"
                          width="1em"
                          xmlns="http://www.w3.org/2000/svg"
                        >
                          <g>
                            <path
                              d="M0 0h24v24H0z"
                              fill="none"
                            />
                            <path
                              d="M7 6V3a1 1 0 0 1 1-1h12a1 1 0 0 1 1 1v14a1 1 0 0 1-1 1h-3v3c0 .552-.45 1-1.007 1H4.007A1.001 1.001 0 0 1 3 21l.003-14c0-.552.45-1 1.007-1H7zM5.003 8L5 20h10V8H5.003zM9 6h8v10h2V4H9v2z"
                            />
                          </g>
                        </svg>
                      </button>
                    </div>
                  </td>
                  <td
                    className="css-0"
                    role="cell"
                  >
                    <span>
                      Buy
                    </span>
                  </td>
                </tr>
              </tbody>
            </table>
          </div>
          <div
            className="css-37qczb"
          >
            <div
              className="chakra-stack css-rlwq96"
            >
              <div
                className="chakra-stack css-1ss2m3q"
              >
                <button
                  className="chakra-button css-dsj5zd"
                  type="button"
                >
                  &lt;&lt;
                </button>
                <button
                  className="chakra-button css-mytso8"
                  disabled={true}
                  type="button"
                >
                  1
                </button>
                <button
                  className="chakra-button css-59095b"
                  onClick={[Function]}
                  type="button"
                >
                  2
                </button>
                <button
                  className="chakra-button css-59095b"
                  onClick={[Function]}
                  type="button"
                >
                  &gt;&gt;
                </button>
              </div>
            </div>
          </div>
        </div>
      </div>
    </div>
  </div>,
  <div
    className="css-1458b5i"
  >
    <div
      className="css-1thxd3b"
    >
      <div
        className="css-eujuv7"
      >
        <p
          className="chakra-text css-10d6m9k"
        >
          INPUT DATA
        </p>
      </div>
      <div
        className="css-gcxm2h"
      >
        <div
          className="css-2b1w51"
        >
          <pre
            style={
              {
                "backgroundColor": "#E2E2E2",
                "height": "200px",
                "padding": 0,
              }
            }
          >
            <code
              className="chakra-code css-1dhvqz"
            >
              
  "hash": "0x87a3bc85da972583e22da329aa109ea0db57c54a2eee359b2ed12597f5cb1a64",
  "nonce": "449",
  "transaction_index": "37",
  "from_address": "0x3c02cebb49f6e8f1fc96158099ffa064bbfee38b",
  "to_address": "0x7a250d5630b4cf539739df2c5dacb4c659f2488d",
  "value": "0E-9",
  "gas": "228630",
  "gas_price": "91754307665",
  "input": "0x38ed1739000000000000000000000000000000000000000000000000000000009502f900000000000000000000000000000000000000000000a07e38bf71936cbe39594100000000000000000000000000000000000000000000000000000000000000a00000000000000000000000003c02cebb49f6e8f1fc96158099ffa064bbfee38b00000000000000000000000000000000000000000000000000000000616e11230000000000000000000000000000000000000000000000000000000000000003000000000000000000000000a0b86991c6218b36c1d19d4a2e9eb0ce3606eb48000000000000000000000000c02aaa39b223fe8d0a0e5c4f27ead9083c756cc2000000000000000000000000528b3e98c63ce21c6f680b713918e0f89dfae555",
  "receipt_cumulative_gas_used": "2119514",
  "receipt_gas_used": "192609",
  "receipt_contract_address": "None",
  "receipt_root": "None",
  "receipt_status": "1",
  "block_timestamp": "2021–10–19 00:00:18",
  "block_number": "13444845",
  "block_hash": "0xe9ea4fc0ef9a13b1e403e68e3ff94bc94e472132528fe8f07ade422b84a43afc",
  "max_fee_per_gas": "None",
  "max_priority_fee_per_gas": "None",
  "transaction_type": "None",
  "receipt_effective_gas_price": "91754307665"

               
            </code>
          </pre>
        </div>
      </div>
    </div>
  </div>,
]
`;
